Looking in indexes: https://pypi.tuna.tsinghua.edu.cn/simple
Collecting GridCal
  Downloading gridcal-5.4.1.tar.gz (1.1 MB)
     ---------------------------------------- 1.1/1.1 MB 6.3 MB/s  0:00:00
  Installing build dependencies: started
  Installing build dependencies: finished with status 'done'
  Getting requirements to build wheel: started
  Getting requirements to build wheel: finished with status 'done'
  Preparing metadata (pyproject.toml): started
  Preparing metadata (pyproject.toml): finished with status 'done'
Requirement already satisfied: setuptools>=41.0.1 in .\gridcal-env\Lib\site-packages (from GridCal) (82.0.1)
Requirement already satisfied: wheel>=0.37.2 in .\gridcal-env\Lib\site-packages (from GridCal) (0.47.0)
Collecting PySide6>=6.8.0 (from GridCal)
  Downloading pyside6-6.11.1-cp310-abi3-win_amd64.whl (578 kB)
     ---------------------------------------- 578.4/578.4 kB 9.9 MB/s  0:00:00
Collecting pytest>=7.2 (from GridCal)
  Downloading pytest-9.0.3-py3-none-any.whl (375 kB)
Collecting websockets (from GridCal)
  Downloading websockets-16.0-cp312-cp312-win_amd64.whl (178 kB)
Collecting opencv-python>=4.10.0.84 (from GridCal)
  Downloading opencv_python-4.13.0.92-cp37-abi3-win_amd64.whl (40.2 MB)
     ---------------------------------------- 40.2/40.2 MB 18.5 MB/s  0:00:02
Requirement already satisfied: packaging in .\gridcal-env\Lib\site-packages (from GridCal) (26.2)
Collecting GridCalEngine==5.4.1 (from GridCal)
  Downloading gridcalengine-5.4.1.tar.gz (1.2 MB)
     ---------------------------------------- 1.2/1.2 MB 21.0 MB/s  0:00:00
  Installing build dependencies: started
  Installing build dependencies: finished with status 'done'
  Getting requirements to build wheel: started
  Getting requirements to build wheel: finished with status 'done'
  Preparing metadata (pyproject.toml): started
  Preparing metadata (pyproject.toml): finished with status 'done'
Collecting numpy>=2.2.0 (from GridCalEngine==5.4.1->GridCal)
  Downloading numpy-2.4.6-cp312-cp312-win_amd64.whl (12.3 MB)
     ---------------------------------------- 12.3/12.3 MB 16.8 MB/s  0:00:00
Collecting autograd>=1.7.0 (from GridCalEngine==5.4.1->GridCal)
  Downloading autograd-1.8.0-py3-none-any.whl (51 kB)
Collecting scipy>=1.0.0 (from GridCalEngine==5.4.1->GridCal)
  Downloading scipy-1.17.1-cp312-cp312-win_amd64.whl (36.5 MB)
     ---------------------------------------- 36.5/36.5 MB 20.7 MB/s  0:00:01
Collecting networkx>=2.1 (from GridCalEngine==5.4.1->GridCal)
  Downloading networkx-3.6.1-py3-none-any.whl (2.1 MB)
     ---------------------------------------- 2.1/2.1 MB 14.5 MB/s  0:00:00
Collecting pandas>=2.2.3 (from GridCalEngine==5.4.1->GridCal)
  Downloading pandas-3.0.3-cp312-cp312-win_amd64.whl (9.8 MB)
     ---------------------------------------- 9.8/9.8 MB 13.5 MB/s  0:00:00
Collecting highspy>=1.8.0 (from GridCalEngine==5.4.1->GridCal)
  Downloading highspy-1.14.0-cp312-cp312-win_amd64.whl (2.3 MB)
     ---------------------------------------- 2.3/2.3 MB 9.4 MB/s  0:00:00
Collecting xlwt>=1.3.0 (from GridCalEngine==5.4.1->GridCal)
  Downloading xlwt-1.3.0-py2.py3-none-any.whl (99 kB)
Collecting xlrd>=1.1.0 (from GridCalEngine==5.4.1->GridCal)
  Downloading xlrd-2.0.2-py2.py3-none-any.whl (96 kB)
Collecting matplotlib>=2.1.1 (from GridCalEngine==5.4.1->GridCal)
  Downloading matplotlib-3.10.9-cp312-cp312-win_amd64.whl (8.2 MB)
     ---------------------------------------- 8.2/8.2 MB 23.1 MB/s  0:00:00
Collecting openpyxl>=2.4.9 (from GridCalEngine==5.4.1->GridCal)
  Downloading openpyxl-3.1.5-py2.py3-none-any.whl (250 kB)
Collecting chardet>=3.0.4 (from GridCalEngine==5.4.1->GridCal)
  Downloading chardet-7.4.3-cp312-cp312-win_amd64.whl (943 kB)
     ---------------------------------------- 944.0/944.0 kB 5.5 MB/s  0:00:00
Collecting scikit-learn>=1.5.0 (from GridCalEngine==5.4.1->GridCal)
  Downloading scikit_learn-1.8.0-cp312-cp312-win_amd64.whl (8.0 MB)
     ---------------------------------------- 8.0/8.0 MB 26.1 MB/s  0:00:00
Collecting geopy>=1.16 (from GridCalEngine==5.4.1->GridCal)
  Downloading geopy-2.4.1-py3-none-any.whl (125 kB)
Collecting h5py>=3.12.0 (from GridCalEngine==5.4.1->GridCal)
  Downloading h5py-3.16.0-cp312-cp312-win_amd64.whl (3.2 MB)
     ---------------------------------------- 3.2/3.2 MB 23.4 MB/s  0:00:00
Collecting numba>=0.61 (from GridCalEngine==5.4.1->GridCal)
  Downloading numba-0.65.1-cp312-cp312-win_amd64.whl (2.8 MB)
     ---------------------------------------- 2.8/2.8 MB 26.5 MB/s  0:00:00
Collecting pyproj (from GridCalEngine==5.4.1->GridCal)
  Downloading pyproj-3.7.2-cp312-cp312-win_amd64.whl (6.3 MB)
     ---------------------------------------- 6.3/6.3 MB 29.8 MB/s  0:00:00
Collecting pulp (from GridCalEngine==5.4.1->GridCal)
  Downloading pulp-3.3.2-py3-none-any.whl (16.4 MB)
     ---------------------------------------- 16.4/16.4 MB 33.3 MB/s  0:00:00
Collecting pyarrow>=15 (from GridCalEngine==5.4.1->GridCal)
  Downloading pyarrow-24.0.0-cp312-cp312-win_amd64.whl (27.4 MB)
     ---------------------------------------- 27.4/27.4 MB 31.5 MB/s  0:00:00
Collecting windpowerlib>=0.2.2 (from GridCalEngine==5.4.1->GridCal)
  Downloading windpowerlib-0.2.2-py3-none-any.whl (74 kB)
Collecting pvlib>=0.11 (from GridCalEngine==5.4.1->GridCal)
  Downloading pvlib-0.15.1-py3-none-any.whl (19.4 MB)
     ---------------------------------------- 19.4/19.4 MB 36.0 MB/s  0:00:00
Collecting rdflib (from GridCalEngine==5.4.1->GridCal)
  Downloading rdflib-7.6.0-py3-none-any.whl (615 kB)
     ---------------------------------------- 615.4/615.4 kB 23.6 MB/s  0:00:00
Collecting pymoo>=0.6 (from GridCalEngine==5.4.1->GridCal)
  Downloading pymoo-0.6.1.6-cp312-cp312-win_amd64.whl (1.8 MB)
     ---------------------------------------- 1.8/1.8 MB 2.1 MB/s  0:00:00
Collecting brotli (from GridCalEngine==5.4.1->GridCal)
  Downloading brotli-1.2.0-cp312-cp312-win_amd64.whl (369 kB)
Collecting geographiclib<3,>=1.52 (from geopy>=1.16->GridCalEngine==5.4.1->GridCal)
  Downloading geographiclib-2.1-py3-none-any.whl (40 kB)
Collecting contourpy>=1.0.1 (from matplotlib>=2.1.1->GridCalEngine==5.4.1->GridCal)
  Downloading contourpy-1.3.3-cp312-cp312-win_amd64.whl (226 kB)
Collecting cycler>=0.10 (from matplotlib>=2.1.1->GridCalEngine==5.4.1->GridCal)
  Using cached cycler-0.12.1-py3-none-any.whl (8.3 kB)
Collecting fonttools>=4.22.0 (from matplotlib>=2.1.1->GridCalEngine==5.4.1->GridCal)
  Downloading fonttools-4.63.0-cp312-cp312-win_amd64.whl (2.3 MB)
     ---------------------------------------- 2.3/2.3 MB 44.3 MB/s  0:00:00
Collecting kiwisolver>=1.3.1 (from matplotlib>=2.1.1->GridCalEngine==5.4.1->GridCal)
  Downloading kiwisolver-1.5.0-cp312-cp312-win_amd64.whl (73 kB)
Collecting pillow>=8 (from matplotlib>=2.1.1->GridCalEngine==5.4.1->GridCal)
  Downloading pillow-12.2.0-cp312-cp312-win_amd64.whl (7.1 MB)
     ---------------------------------------- 7.1/7.1 MB 33.6 MB/s  0:00:00
Collecting pyparsing>=3 (from matplotlib>=2.1.1->GridCalEngine==5.4.1->GridCal)
  Downloading pyparsing-3.3.2-py3-none-any.whl (122 kB)
Collecting python-dateutil>=2.7 (from matplotlib>=2.1.1->GridCalEngine==5.4.1->GridCal)
  Using cached python_dateutil-2.9.0.post0-py2.py3-none-any.whl (229 kB)
Collecting llvmlite<0.48,>=0.47.0dev0 (from numba>=0.61->GridCalEngine==5.4.1->GridCal)
  Downloading llvmlite-0.47.0-cp312-cp312-win_amd64.whl (38.1 MB)
     ---------------------------------------- 38.1/38.1 MB 34.6 MB/s  0:00:01
Collecting et-xmlfile (from openpyxl>=2.4.9->GridCalEngine==5.4.1->GridCal)
  Downloading et_xmlfile-2.0.0-py3-none-any.whl (18 kB)
Collecting tzdata (from pandas>=2.2.3->GridCalEngine==5.4.1->GridCal)
  Downloading tzdata-2026.2-py2.py3-none-any.whl (349 kB)
Collecting pytz (from pvlib>=0.11->GridCalEngine==5.4.1->GridCal)
  Downloading pytz-2026.2-py2.py3-none-any.whl (510 kB)
Collecting requests (from pvlib>=0.11->GridCalEngine==5.4.1->GridCal)
  Downloading requests-2.34.2-py3-none-any.whl (73 kB)
Collecting moocore>=0.1.7 (from pymoo>=0.6->GridCalEngine==5.4.1->GridCal)
  Downloading moocore-0.3.1-cp310-abi3-win_amd64.whl (517 kB)
Collecting cma>=3.2.2 (from pymoo>=0.6->GridCalEngine==5.4.1->GridCal)
  Downloading cma-4.4.4-py3-none-any.whl (328 kB)
Collecting alive_progress (from pymoo>=0.6->GridCalEngine==5.4.1->GridCal)
  Downloading alive_progress-3.3.0-py3-none-any.whl (78 kB)
Collecting Deprecated (from pymoo>=0.6->GridCalEngine==5.4.1->GridCal)
  Downloading deprecated-1.3.1-py2.py3-none-any.whl (11 kB)
Collecting cffi>=1.17.1 (from moocore>=0.1.7->pymoo>=0.6->GridCalEngine==5.4.1->GridCal)
  Downloading cffi-2.0.0-cp312-cp312-win_amd64.whl (183 kB)
Collecting platformdirs (from moocore>=0.1.7->pymoo>=0.6->GridCalEngine==5.4.1->GridCal)
  Downloading platformdirs-4.10.0-py3-none-any.whl (22 kB)
Collecting pycparser (from cffi>=1.17.1->moocore>=0.1.7->pymoo>=0.6->GridCalEngine==5.4.1->GridCal)
  Downloading pycparser-3.0-py3-none-any.whl (48 kB)
Collecting shiboken6==6.11.1 (from PySide6>=6.8.0->GridCal)
  Downloading shiboken6-6.11.1-cp310-abi3-win_amd64.whl (1.2 MB)
     ---------------------------------------- 1.2/1.2 MB 20.5 MB/s  0:00:00
Collecting PySide6_Essentials==6.11.1 (from PySide6>=6.8.0->GridCal)
  Downloading pyside6_essentials-6.11.1-cp310-abi3-win_amd64.whl (77.5 MB)
     ---------------------------------------- 77.5/77.5 MB 33.9 MB/s  0:00:02
Collecting PySide6_Addons==6.11.1 (from PySide6>=6.8.0->GridCal)
  Downloading pyside6_addons-6.11.1-cp310-abi3-win_amd64.whl (168.8 MB)
     ---------------------------------------- 168.8/168.8 MB 33.4 MB/s  0:00:05
Collecting colorama>=0.4 (from pytest>=7.2->GridCal)
  Using cached colorama-0.4.6-py2.py3-none-any.whl (25 kB)
Collecting iniconfig>=1.0.1 (from pytest>=7.2->GridCal)
  Downloading iniconfig-2.3.0-py3-none-any.whl (7.5 kB)
Collecting pluggy<2,>=1.5 (from pytest>=7.2->GridCal)
  Downloading pluggy-1.6.0-py3-none-any.whl (20 kB)
Collecting pygments>=2.7.2 (from pytest>=7.2->GridCal)
  Downloading pygments-2.20.0-py3-none-any.whl (1.2 MB)
     ---------------------------------------- 1.2/1.2 MB 20.6 MB/s  0:00:00
Collecting six>=1.5 (from python-dateutil>=2.7->matplotlib>=2.1.1->GridCalEngine==5.4.1->GridCal)
  Downloading six-1.17.0-py2.py3-none-any.whl (11 kB)
Collecting joblib>=1.3.0 (from scikit-learn>=1.5.0->GridCalEngine==5.4.1->GridCal)
  Downloading joblib-1.5.3-py3-none-any.whl (309 kB)
Collecting threadpoolctl>=3.2.0 (from scikit-learn>=1.5.0->GridCalEngine==5.4.1->GridCal)
  Downloading threadpoolctl-3.6.0-py3-none-any.whl (18 kB)
Collecting about-time==4.2.1 (from alive_progress->pymoo>=0.6->GridCalEngine==5.4.1->GridCal)
  Downloading about_time-4.2.1-py3-none-any.whl (13 kB)
Collecting graphemeu==0.7.2 (from alive_progress->pymoo>=0.6->GridCalEngine==5.4.1->GridCal)
  Downloading graphemeu-0.7.2-py3-none-any.whl (22 kB)
Collecting wrapt<3,>=1.10 (from Deprecated->pymoo>=0.6->GridCalEngine==5.4.1->GridCal)
  Downloading wrapt-2.2.1-cp312-cp312-win_amd64.whl (80 kB)
Collecting certifi (from pyproj->GridCalEngine==5.4.1->GridCal)
  Downloading certifi-2026.5.20-py3-none-any.whl (134 kB)
Collecting charset_normalizer<4,>=2 (from requests->pvlib>=0.11->GridCalEngine==5.4.1->GridCal)
  Downloading charset_normalizer-3.4.7-cp312-cp312-win_amd64.whl (159 kB)
Collecting idna<4,>=2.5 (from requests->pvlib>=0.11->GridCalEngine==5.4.1->GridCal)
  Downloading idna-3.17-py3-none-any.whl (65 kB)
Collecting urllib3<3,>=1.26 (from requests->pvlib>=0.11->GridCalEngine==5.4.1->GridCal)
  Downloading urllib3-2.7.0-py3-none-any.whl (131 kB)
Building wheels for collected packages: GridCal, GridCalEngine
  Building wheel for GridCal (pyproject.toml): started
  Building wheel for GridCal (pyproject.toml): finished with status 'done'
  Created wheel for GridCal: filename=gridcal-5.4.1-py3-none-any.whl size=1296114 sha256=7c316f8ae69342e1cfd15c1e3190e2758124735a9a80ce28ef61e2f5fbc87b11
  Stored in directory: c:\users\liuka\appdata\local\pip\cache\wheels\dd\5a\af\8cfbbc66579016d5d562b93e1fc35367e982740ff3c8bfba72
  Building wheel for GridCalEngine (pyproject.toml): started
  Building wheel for GridCalEngine (pyproject.toml): finished with status 'done'
  Created wheel for GridCalEngine: filename=gridcalengine-5.4.1-py3-none-any.whl size=1787466 sha256=d67ee4f15bd4266df6ffadab50f8eadb8e9a2ad20e7aa2c2549494c334198d94
  Stored in directory: c:\users\liuka\appdata\local\pip\cache\wheels\4d\5c\ee\269a274869bb961ee2818bbc42bcdf50e30757a13ca3976688
Successfully built GridCal GridCalEngine
Installing collected packages: xlwt, pytz, brotli, xlrd, wrapt, websockets, urllib3, tzdata, threadpoolctl, six, shiboken6, pyparsing, pygments, pycparser, pyarrow, pulp, pluggy, platformdirs, pillow, numpy, networkx, llvmlite, kiwisolver, joblib, iniconfig, idna, graphemeu, geographiclib, fonttools, et-xmlfile, cycler, colorama, charset_normalizer, chardet, certifi, about-time, scipy, requests, rdflib, python-dateutil, pytest, PySide6_Essentials, pyproj, openpyxl, opencv-python, numba, highspy, h5py, geopy, Deprecated, contourpy, cma, cffi, autograd, alive_progress, scikit-learn, PySide6_Addons, pandas, moocore, matplotlib, windpowerlib, PySide6, pymoo, pvlib, GridCalEngine, GridCal

Successfully installed Deprecated-1.3.1 GridCal-5.4.1 GridCalEngine-5.4.1 PySide6-6.11.1 PySide6_Addons-6.11.1 PySide6_Essentials-6.11.1 about-time-4.2.1 alive_progress-3.3.0 autograd-1.8.0 brotli-1.2.0 certifi-2026.5.20 cffi-2.0.0 chardet-7.4.3 charset_normalizer-3.4.7 cma-4.4.4 colorama-0.4.6 contourpy-1.3.3 cycler-0.12.1 et-xmlfile-2.0.0 fonttools-4.63.0 geographiclib-2.1 geopy-2.4.1 graphemeu-0.7.2 h5py-3.16.0 highspy-1.14.0 idna-3.17 iniconfig-2.3.0 joblib-1.5.3 kiwisolver-1.5.0 llvmlite-0.47.0 matplotlib-3.10.9 moocore-0.3.1 networkx-3.6.1 numba-0.65.1 numpy-2.4.6 opencv-python-4.13.0.92 openpyxl-3.1.5 pandas-3.0.3 pillow-12.2.0 platformdirs-4.10.0 pluggy-1.6.0 pulp-3.3.2 pvlib-0.15.1 pyarrow-24.0.0 pycparser-3.0 pygments-2.20.0 pymoo-0.6.1.6 pyparsing-3.3.2 pyproj-3.7.2 pytest-9.0.3 python-dateutil-2.9.0.post0 pytz-2026.2 rdflib-7.6.0 requests-2.34.2 scikit-learn-1.8.0 scipy-1.17.1 shiboken6-6.11.1 six-1.17.0 threadpoolctl-3.6.0 tzdata-2026.2 urllib3-2.7.0 websockets-16.0 windpowerlib-0.2.2 wrapt-2.2.1 xlrd-2.0.2 xlwt-1.3.0
