Looking in indexes: https://pypi.tuna.tsinghua.edu.cn/simple
Collecting VeraGrid
  Downloading veragrid-6.0.22.tar.gz (1.6 MB)
     ---------------------------------------- 1.6/1.6 MB 6.3 MB/s  0:00:00
  Installing build dependencies: started
  Installing build dependencies: finished with status 'done'
  Getting requirements to build wheel: started
  Getting requirements to build wheel: finished with status 'done'
  Preparing metadata (pyproject.toml): started
  Preparing metadata (pyproject.toml): finished with status 'done'
Requirement already satisfied: PySide6>=6.8.0 in .\gridcal-env\Lib\site-packages (from VeraGrid) (6.11.1)
Requirement already satisfied: requests>=2.33.0 in .\gridcal-env\Lib\site-packages (from VeraGrid) (2.34.2)
Requirement already satisfied: urllib3>=2.7.0 in .\gridcal-env\Lib\site-packages (from VeraGrid) (2.7.0)
Requirement already satisfied: websockets>=9.1 in .\gridcal-env\Lib\site-packages (from VeraGrid) (16.0)
Requirement already satisfied: opencv-python>=4.10.0.84 in .\gridcal-env\Lib\site-packages (from VeraGrid) (4.13.0.92)
Requirement already satisfied: packaging>=25.0 in .\gridcal-env\Lib\site-packages (from VeraGrid) (26.2)
Collecting VeraGridEngine==6.0.22 (from VeraGrid)
  Downloading veragridengine-6.0.22.tar.gz (2.8 MB)
     ---------------------------------------- 2.8/2.8 MB 23.6 MB/s  0:00:00
  Installing build dependencies: started
  Installing build dependencies: finished with status 'done'
  Getting requirements to build wheel: started
  Getting requirements to build wheel: finished with status 'done'
  Preparing metadata (pyproject.toml): started
  Preparing metadata (pyproject.toml): finished with status 'done'
Requirement already satisfied: numpy>=2.2.0 in .\gridcal-env\Lib\site-packages (from VeraGridEngine==6.0.22->VeraGrid) (2.4.6)
Requirement already satisfied: autograd>=1.7.0 in .\gridcal-env\Lib\site-packages (from VeraGridEngine==6.0.22->VeraGrid) (1.8.0)
Requirement already satisfied: scipy>=1.10.0 in .\gridcal-env\Lib\site-packages (from VeraGridEngine==6.0.22->VeraGrid) (1.17.1)
Requirement already satisfied: networkx>=3.6.1 in .\gridcal-env\Lib\site-packages (from VeraGridEngine==6.0.22->VeraGrid) (3.6.1)
Requirement already satisfied: pandas>=2.2.3 in .\gridcal-env\Lib\site-packages (from VeraGridEngine==6.0.22->VeraGrid) (3.0.3)
Requirement already satisfied: highspy>=1.8.0 in .\gridcal-env\Lib\site-packages (from VeraGridEngine==6.0.22->VeraGrid) (1.14.0)
Requirement already satisfied: xlwt>=1.3.0 in .\gridcal-env\Lib\site-packages (from VeraGridEngine==6.0.22->VeraGrid) (1.3.0)
Requirement already satisfied: xlrd>=2.0.2 in .\gridcal-env\Lib\site-packages (from VeraGridEngine==6.0.22->VeraGrid) (2.0.2)
Requirement already satisfied: matplotlib>=3.10.0 in .\gridcal-env\Lib\site-packages (from VeraGridEngine==6.0.22->VeraGrid) (3.10.9)
Requirement already satisfied: openpyxl>=3.1.5 in .\gridcal-env\Lib\site-packages (from VeraGridEngine==6.0.22->VeraGrid) (3.1.5)
Requirement already satisfied: chardet>=5.2.0 in .\gridcal-env\Lib\site-packages (from VeraGridEngine==6.0.22->VeraGrid) (5.2.0)
Requirement already satisfied: scikit-learn>=1.5.0 in .\gridcal-env\Lib\site-packages (from VeraGridEngine==6.0.22->VeraGrid) (1.8.0)
Requirement already satisfied: geopy>=2.4.1 in .\gridcal-env\Lib\site-packages (from VeraGridEngine==6.0.22->VeraGrid) (2.4.1)
Requirement already satisfied: h5py>=3.12.0 in .\gridcal-env\Lib\site-packages (from VeraGridEngine==6.0.22->VeraGrid) (3.16.0)
Requirement already satisfied: numba>=0.61 in .\gridcal-env\Lib\site-packages (from VeraGridEngine==6.0.22->VeraGrid) (0.65.1)
Requirement already satisfied: pyproj>=3.7.2 in .\gridcal-env\Lib\site-packages (from VeraGridEngine==6.0.22->VeraGrid) (3.7.2)
Requirement already satisfied: pulp>=3.3.0 in .\gridcal-env\Lib\site-packages (from VeraGridEngine==6.0.22->VeraGrid) (3.3.2)
Requirement already satisfied: pyarrow>=23.0.1 in .\gridcal-env\Lib\site-packages (from VeraGridEngine==6.0.22->VeraGrid) (24.0.0)
Requirement already satisfied: windpowerlib>=0.2.2 in .\gridcal-env\Lib\site-packages (from VeraGridEngine==6.0.22->VeraGrid) (0.2.2)
Requirement already satisfied: pvlib>=0.14.0 in .\gridcal-env\Lib\site-packages (from VeraGridEngine==6.0.22->VeraGrid) (0.15.1)
Requirement already satisfied: rdflib>=7.5.0 in .\gridcal-env\Lib\site-packages (from VeraGridEngine==6.0.22->VeraGrid) (7.6.0)
Requirement already satisfied: pymoo>=0.6 in .\gridcal-env\Lib\site-packages (from VeraGridEngine==6.0.22->VeraGrid) (0.6.1.6)
Requirement already satisfied: brotli>=1.2.0 in .\gridcal-env\Lib\site-packages (from VeraGridEngine==6.0.22->VeraGrid) (1.2.0)
Collecting fmpy>=0.3.22 (from VeraGridEngine==6.0.22->VeraGrid)
  Downloading fmpy-0.3.29-py3-none-any.whl (6.5 MB)
     ---------------------------------------- 6.5/6.5 MB 36.0 MB/s  0:00:00
Collecting attrs>=24.2.0 (from fmpy>=0.3.22->VeraGridEngine==6.0.22->VeraGrid)
  Downloading attrs-26.1.0-py3-none-any.whl (67 kB)
Collecting cmake>=4.0.3 (from fmpy>=0.3.22->VeraGridEngine==6.0.22->VeraGrid)
  Downloading cmake-4.3.2-py3-none-win_amd64.whl (41.3 MB)
     ---------------------------------------- 41.3/41.3 MB 27.9 MB/s  0:00:01
Collecting jinja2>=3.1.4 (from fmpy>=0.3.22->VeraGridEngine==6.0.22->VeraGrid)
  Downloading jinja2-3.1.6-py3-none-any.whl (134 kB)
Collecting lark>=1.2.2 (from fmpy>=0.3.22->VeraGridEngine==6.0.22->VeraGrid)
  Downloading lark-1.3.1-py3-none-any.whl (113 kB)
Collecting lxml>=5.3.0 (from fmpy>=0.3.22->VeraGridEngine==6.0.22->VeraGrid)
  Downloading lxml-6.1.1-cp312-cp312-win_amd64.whl (4.0 MB)
     ---------------------------------------- 4.0/4.0 MB 34.0 MB/s  0:00:00
Collecting msgpack>=1.1.0 (from fmpy>=0.3.22->VeraGridEngine==6.0.22->VeraGrid)
  Downloading msgpack-1.1.2-cp312-cp312-win_amd64.whl (72 kB)
Collecting nbformat>=5.10.4 (from fmpy>=0.3.22->VeraGridEngine==6.0.22->VeraGrid)
  Downloading nbformat-5.10.4-py3-none-any.whl (78 kB)
Requirement already satisfied: geographiclib<3,>=1.52 in .\gridcal-env\Lib\site-packages (from geopy>=2.4.1->VeraGridEngine==6.0.22->VeraGrid) (2.1)
Collecting MarkupSafe>=2.0 (from jinja2>=3.1.4->fmpy>=0.3.22->VeraGridEngine==6.0.22->VeraGrid)
  Downloading markupsafe-3.0.3-cp312-cp312-win_amd64.whl (15 kB)
Requirement already satisfied: contourpy>=1.0.1 in .\gridcal-env\Lib\site-packages (from matplotlib>=3.10.0->VeraGridEngine==6.0.22->VeraGrid) (1.3.3)
Requirement already satisfied: cycler>=0.10 in .\gridcal-env\Lib\site-packages (from matplotlib>=3.10.0->VeraGridEngine==6.0.22->VeraGrid) (0.12.1)
Requirement already satisfied: fonttools>=4.22.0 in .\gridcal-env\Lib\site-packages (from matplotlib>=3.10.0->VeraGridEngine==6.0.22->VeraGrid) (4.63.0)
Requirement already satisfied: kiwisolver>=1.3.1 in .\gridcal-env\Lib\site-packages (from matplotlib>=3.10.0->VeraGridEngine==6.0.22->VeraGrid) (1.5.0)
Requirement already satisfied: pillow>=8 in .\gridcal-env\Lib\site-packages (from matplotlib>=3.10.0->VeraGridEngine==6.0.22->VeraGrid) (12.2.0)
Requirement already satisfied: pyparsing>=3 in .\gridcal-env\Lib\site-packages (from matplotlib>=3.10.0->VeraGridEngine==6.0.22->VeraGrid) (3.3.2)
Requirement already satisfied: python-dateutil>=2.7 in .\gridcal-env\Lib\site-packages (from matplotlib>=3.10.0->VeraGridEngine==6.0.22->VeraGrid) (2.9.0.post0)
Collecting fastjsonschema>=2.15 (from nbformat>=5.10.4->fmpy>=0.3.22->VeraGridEngine==6.0.22->VeraGrid)
  Downloading fastjsonschema-2.21.2-py3-none-any.whl (24 kB)
Collecting jsonschema>=2.6 (from nbformat>=5.10.4->fmpy>=0.3.22->VeraGridEngine==6.0.22->VeraGrid)
  Downloading jsonschema-4.26.0-py3-none-any.whl (90 kB)
Collecting jupyter-core!=5.0.*,>=4.12 (from nbformat>=5.10.4->fmpy>=0.3.22->VeraGridEngine==6.0.22->VeraGrid)
  Downloading jupyter_core-5.9.1-py3-none-any.whl (29 kB)
Collecting traitlets>=5.1 (from nbformat>=5.10.4->fmpy>=0.3.22->VeraGridEngine==6.0.22->VeraGrid)
  Downloading traitlets-5.15.0-py3-none-any.whl (85 kB)
Collecting jsonschema-specifications>=2023.03.6 (from jsonschema>=2.6->nbformat>=5.10.4->fmpy>=0.3.22->VeraGridEngine==6.0.22->VeraGrid)
  Downloading jsonschema_specifications-2025.9.1-py3-none-any.whl (18 kB)
Collecting referencing>=0.28.4 (from jsonschema>=2.6->nbformat>=5.10.4->fmpy>=0.3.22->VeraGridEngine==6.0.22->VeraGrid)
  Downloading referencing-0.37.0-py3-none-any.whl (26 kB)
Collecting rpds-py>=0.25.0 (from jsonschema>=2.6->nbformat>=5.10.4->fmpy>=0.3.22->VeraGridEngine==6.0.22->VeraGrid)
  Downloading rpds_py-2026.5.1-cp312-cp312-win_amd64.whl (229 kB)
Requirement already satisfied: platformdirs>=2.5 in .\gridcal-env\Lib\site-packages (from jupyter-core!=5.0.*,>=4.12->nbformat>=5.10.4->fmpy>=0.3.22->VeraGridEngine==6.0.22->VeraGrid) (4.10.0)
Requirement already satisfied: llvmlite<0.48,>=0.47.0dev0 in .\gridcal-env\Lib\site-packages (from numba>=0.61->VeraGridEngine==6.0.22->VeraGrid) (0.47.0)
Requirement already satisfied: et-xmlfile in .\gridcal-env\Lib\site-packages (from openpyxl>=3.1.5->VeraGridEngine==6.0.22->VeraGrid) (2.0.0)
Requirement already satisfied: tzdata in .\gridcal-env\Lib\site-packages (from pandas>=2.2.3->VeraGridEngine==6.0.22->VeraGrid) (2026.2)
Requirement already satisfied: pytz in .\gridcal-env\Lib\site-packages (from pvlib>=0.14.0->VeraGridEngine==6.0.22->VeraGrid) (2026.2)
Requirement already satisfied: moocore>=0.1.7 in .\gridcal-env\Lib\site-packages (from pymoo>=0.6->VeraGridEngine==6.0.22->VeraGrid) (0.3.1)
Requirement already satisfied: cma>=3.2.2 in .\gridcal-env\Lib\site-packages (from pymoo>=0.6->VeraGridEngine==6.0.22->VeraGrid) (4.4.4)
Requirement already satisfied: alive_progress in .\gridcal-env\Lib\site-packages (from pymoo>=0.6->VeraGridEngine==6.0.22->VeraGrid) (3.3.0)
Requirement already satisfied: Deprecated in .\gridcal-env\Lib\site-packages (from pymoo>=0.6->VeraGridEngine==6.0.22->VeraGrid) (1.3.1)
Requirement already satisfied: cffi>=1.17.1 in .\gridcal-env\Lib\site-packages (from moocore>=0.1.7->pymoo>=0.6->VeraGridEngine==6.0.22->VeraGrid) (2.0.0)
Requirement already satisfied: pycparser in .\gridcal-env\Lib\site-packages (from cffi>=1.17.1->moocore>=0.1.7->pymoo>=0.6->VeraGridEngine==6.0.22->VeraGrid) (3.0)
Requirement already satisfied: certifi in .\gridcal-env\Lib\site-packages (from pyproj>=3.7.2->VeraGridEngine==6.0.22->VeraGrid) (2026.5.20)
Requirement already satisfied: shiboken6==6.11.1 in .\gridcal-env\Lib\site-packages (from PySide6>=6.8.0->VeraGrid) (6.11.1)
Requirement already satisfied: PySide6_Essentials==6.11.1 in .\gridcal-env\Lib\site-packages (from PySide6>=6.8.0->VeraGrid) (6.11.1)
Requirement already satisfied: PySide6_Addons==6.11.1 in .\gridcal-env\Lib\site-packages (from PySide6>=6.8.0->VeraGrid) (6.11.1)
Requirement already satisfied: six>=1.5 in .\gridcal-env\Lib\site-packages (from python-dateutil>=2.7->matplotlib>=3.10.0->VeraGridEngine==6.0.22->VeraGrid) (1.17.0)
Collecting typing-extensions>=4.4.0 (from referencing>=0.28.4->jsonschema>=2.6->nbformat>=5.10.4->fmpy>=0.3.22->VeraGridEngine==6.0.22->VeraGrid)
  Downloading typing_extensions-4.15.0-py3-none-any.whl (44 kB)
Requirement already satisfied: charset_normalizer<4,>=2 in .\gridcal-env\Lib\site-packages (from requests>=2.33.0->VeraGrid) (3.4.7)
Requirement already satisfied: idna<4,>=2.5 in .\gridcal-env\Lib\site-packages (from requests>=2.33.0->VeraGrid) (3.17)
Requirement already satisfied: joblib>=1.3.0 in .\gridcal-env\Lib\site-packages (from scikit-learn>=1.5.0->VeraGridEngine==6.0.22->VeraGrid) (1.5.3)
Requirement already satisfied: threadpoolctl>=3.2.0 in .\gridcal-env\Lib\site-packages (from scikit-learn>=1.5.0->VeraGridEngine==6.0.22->VeraGrid) (3.6.0)
Requirement already satisfied: about-time==4.2.1 in .\gridcal-env\Lib\site-packages (from alive_progress->pymoo>=0.6->VeraGridEngine==6.0.22->VeraGrid) (4.2.1)
Requirement already satisfied: graphemeu==0.7.2 in .\gridcal-env\Lib\site-packages (from alive_progress->pymoo>=0.6->VeraGridEngine==6.0.22->VeraGrid) (0.7.2)
Requirement already satisfied: wrapt<3,>=1.10 in .\gridcal-env\Lib\site-packages (from Deprecated->pymoo>=0.6->VeraGridEngine==6.0.22->VeraGrid) (2.2.1)
Building wheels for collected packages: VeraGrid, VeraGridEngine
  Building wheel for VeraGrid (pyproject.toml): started
  Building wheel for VeraGrid (pyproject.toml): finished with status 'done'
  Created wheel for VeraGrid: filename=veragrid-6.0.22-py3-none-any.whl size=1901189 sha256=6f02807da3a65b2e9b1f5afc109a16bfa87a148dfe06e5ce366a7958f741597c
  Stored in directory: c:\users\liuka\appdata\local\pip\cache\wheels\b3\d5\bc\ad8ea59c019f9164576108ae59fd3b55c9df78fbee5392bde2
  Building wheel for VeraGridEngine (pyproject.toml): started
  Building wheel for VeraGridEngine (pyproject.toml): finished with status 'done'
  Created wheel for VeraGridEngine: filename=veragridengine-6.0.22-py3-none-any.whl size=4848871 sha256=dd5c156a95193a62cb4f3048e7c680df7ae84416d340d8e5f0ddfdf7d6ba39d8
  Stored in directory: c:\users\liuka\appdata\local\pip\cache\wheels\7d\5a\ef\23601af7cdebf5020a65992a8cb8008a652434cd87485cd332
Successfully built VeraGrid VeraGridEngine
Installing collected packages: fastjsonschema, typing-extensions, traitlets, rpds-py, msgpack, MarkupSafe, lxml, lark, cmake, attrs, referencing, jupyter-core, jinja2, jsonschema-specifications, jsonschema, nbformat, fmpy, VeraGridEngine, VeraGrid

Successfully installed MarkupSafe-3.0.3 VeraGrid-6.0.22 VeraGridEngine-6.0.22 attrs-26.1.0 cmake-4.3.2 fastjsonschema-2.21.2 fmpy-0.3.29 jinja2-3.1.6 jsonschema-4.26.0 jsonschema-specifications-2025.9.1 jupyter-core-5.9.1 lark-1.3.1 lxml-6.1.1 msgpack-1.1.2 nbformat-5.10.4 referencing-0.37.0 rpds-py-2026.5.1 traitlets-5.15.0 typing-extensions-4.15.0
